==== Integer Arithmetic Bugs ====
SWC ID: 101
Severity: Low
Contract: MIMHO
Function name: TOTAL_SUPPLY()
PC address: 3595
Estimated Gas Usage: 285 - 568
The arithmetic operator can overflow.
It is possible to cause an integer overflow or underflow in the arithmetic operation.  This issue is reported for internal compiler generated code.
--------------------
Initial State:

Account: [CREATOR], balance: 0x0, nonce:0, storage:{}
Account: [ATTACKER], balance: 0x0, nonce:0, storage:{}

Transaction Sequence:

Caller: [CREATOR], calldata: , decoded_data: , value: 0x0
Caller: [CREATOR], function: totalSupply(), txdata: 0x18160ddd, value: 0x0

==== Integer Arithmetic Bugs ====
SWC ID: 101
Severity: High
Contract: MIMHO
Function name: approve(address,uint256)
PC address: 4906
Estimated Gas Usage: 8347 - 30022
The arithmetic operator can overflow.
It is possible to cause an integer overflow or underflow in the arithmetic operation. 
--------------------
In file: src/token.sol:696

abi.encode(token, to, amount)

--------------------
Initial State:

Account: [CREATOR], balance: 0x0, nonce:0, storage:{}
Account: [ATTACKER], balance: 0x0, nonce:0, storage:{}

Transaction Sequence:

Caller: [CREATOR], calldata: , decoded_data: , value: 0x0
Caller: [ATTACKER], function: approve(address,uint256), txdata: 0x095ea7b3000000000000000000000000affeaffeaffeaffeaffeaffeaffeaffeaffeaffe0000040000000000000200000000000020010000000000000000000000000000, decoded_data: ('0xaffeaffeaffeaffeaffeaffeaffeaffeaffeaffe', 27606985387162255341300966057344251645085976258312954723348912468393984), value: 0x0

==== Integer Arithmetic Bugs ====
SWC ID: 101
Severity: Low
Contract: MIMHO
Function name: tradingEnabled()
PC address: 5189
Estimated Gas Usage: 1018 - 1301
The arithmetic operator can overflow.
It is possible to cause an integer overflow or underflow in the arithmetic operation.  This issue is reported for internal compiler generated code.
--------------------
Initial State:

Account: [CREATOR], balance: 0x0, nonce:0, storage:{}
Account: [ATTACKER], balance: 0x0, nonce:0, storage:{}

Transaction Sequence:

Caller: [CREATOR], calldata: , decoded_data: , value: 0x0
Caller: [CREATOR], function: isTradingEnabled(), txdata: 0x064a59d0, value: 0x0

==== Integer Arithmetic Bugs ====
SWC ID: 101
Severity: Low
Contract: MIMHO
Function name: ACT_FEES()
PC address: 5531
Estimated Gas Usage: 505 - 788
The arithmetic operator can overflow.
It is possible to cause an integer overflow or underflow in the arithmetic operation.  This issue is reported for internal compiler generated code.
--------------------
Initial State:

Account: [CREATOR], balance: 0x0, nonce:0, storage:{}
Account: [ATTACKER], balance: 0x0, nonce:0, storage:{}

Transaction Sequence:

Caller: [CREATOR], calldata: , decoded_data: , value: 0x0
Caller: [CREATOR], function: ACT_FEES(), txdata: 0x38e015b4, value: 0x0

==== Integer Arithmetic Bugs ====
SWC ID: 101
Severity: Low
Contract: MIMHO
Function name: ACT_MAX_BUY()
PC address: 5589
Estimated Gas Usage: 483 - 766
The arithmetic operator can overflow.
It is possible to cause an integer overflow or underflow in the arithmetic operation.  This issue is reported for internal compiler generated code.
--------------------
Initial State:

Account: [CREATOR], balance: 0x0, nonce:0, storage:{}
Account: [ATTACKER], balance: 0x0, nonce:0, storage:{}

Transaction Sequence:

Caller: [CREATOR], calldata: , decoded_data: , value: 0x0
Caller: [CREATOR], function: ACT_MAX_BUY(), txdata: 0x388fefe8, value: 0x0

==== Integer Arithmetic Bugs ====
SWC ID: 101
Severity: Low
Contract: MIMHO
Function name: MIN_SUPPLY()
PC address: 5647
Estimated Gas Usage: 461 - 744
The arithmetic operator can overflow.
It is possible to cause an integer overflow or underflow in the arithmetic operation.  This issue is reported for internal compiler generated code.
--------------------
Initial State:

Account: [CREATOR], balance: 0x0, nonce:0, storage:{}
Account: [ATTACKER], balance: 0x0, nonce:0, storage:{}

Transaction Sequence:

Caller: [CREATOR], calldata: , decoded_data: , value: 0x0
Caller: [CREATOR], function: MIN_SUPPLY(), txdata: 0x35917c64, value: 0x0

==== Integer Arithmetic Bugs ====
SWC ID: 101
Severity: Low
Contract: MIMHO
Function name: decimals()
PC address: 5686
Estimated Gas Usage: 373 - 656
The arithmetic operator can overflow.
It is possible to cause an integer overflow or underflow in the arithmetic operation.  This issue is reported for internal compiler generated code.
--------------------
Initial State:

Account: [CREATOR], balance: 0x0, nonce:0, storage:{}
Account: [ATTACKER], balance: 0x0, nonce:0, storage:{}

Transaction Sequence:

Caller: [CREATOR], calldata: , decoded_data: , value: 0x0
Caller: [CREATOR], function: SELL_LP_BP(), txdata: 0x243e5f52, value: 0x0

==== Integer Arithmetic Bugs ====
SWC ID: 101
Severity: Low
Contract: MIMHO
Function name: ACT_UNPAUSE()
PC address: 5992
Estimated Gas Usage: 395 - 678
The arithmetic operator can overflow.
It is possible to cause an integer overflow or underflow in the arithmetic operation.  This issue is reported for internal compiler generated code.
--------------------
Initial State:

Account: [CREATOR], balance: 0x0, nonce:0, storage:{}
Account: [ATTACKER], balance: 0x0, nonce:0, storage:{}

Transaction Sequence:

Caller: [CREATOR], calldata: , decoded_data: , value: 0x0
Caller: [CREATOR], function: ACT_UNPAUSE(), txdata: 0x29392314, value: 0x0

==== Integer Arithmetic Bugs ====
SWC ID: 101
Severity: Low
Contract: MIMHO
Function name: daoActivated()
PC address: 6240
Estimated Gas Usage: 1150 - 1433
The arithmetic operator can overflow.
It is possible to cause an integer overflow or underflow in the arithmetic operation.  This issue is reported for internal compiler generated code.
--------------------
Initial State:

Account: [CREATOR], balance: 0x0, nonce:0, storage:{}
Account: [ATTACKER], balance: 0x0, nonce:0, storage:{}

Transaction Sequence:

Caller: [CREATOR], calldata: , decoded_data: , value: 0x0
Caller: [CREATOR], function: daoActivated(), txdata: 0x217488ad, value: 0x0

==== Integer Arithmetic Bugs ====
SWC ID: 101
Severity: Low
Contract: MIMHO
Function name: KEY_MARKETING_WALLET()
PC address: 6277
Estimated Gas Usage: 307 - 590
The arithmetic operator can overflow.
It is possible to cause an integer overflow or underflow in the arithmetic operation.  This issue is reported for internal compiler generated code.
--------------------
Initial State:

Account: [CREATOR], balance: 0x0, nonce:0, storage:{}
Account: [ATTACKER], balance: 0x0, nonce:0, storage:{}

Transaction Sequence:

Caller: [CREATOR], calldata: , decoded_data: , value: 0x0
Caller: [CREATOR], function: KEY_MARKETING_WALLET(), txdata: 0x1ba20f37, value: 0x0

==== Integer Arithmetic Bugs ====
SWC ID: 101
Severity: Low
Contract: MIMHO
Function name: approve(address,uint256)
PC address: 6336
Estimated Gas Usage: 8347 - 30022
The arithmetic operator can overflow.
It is possible to cause an integer overflow or underflow in the arithmetic operation.  This issue is reported for internal compiler generated code.
--------------------
Initial State:

Account: [CREATOR], balance: 0x0, nonce:0, storage:{}
Account: [ATTACKER], balance: 0x0, nonce:0, storage:{}

Transaction Sequence:

Caller: [CREATOR], calldata: , decoded_data: , value: 0x0
Caller: [SOMEGUY], function: approve(address,uint256), txdata: 0x095ea7b300000000000000000000000000000000000000000000000000000000000000600000000001000001010101020000000001000000000000000000000000000000, decoded_data: ('0x0000000000000000000000000000000000000060', 105312297970275008777179562681122929196635109438703431159296032768), value: 0x0

==== Integer Arithmetic Bugs ====
SWC ID: 101
Severity: Low
Contract: MIMHO
Function name: ACT_AMM_PAIR()
PC address: 6540
Estimated Gas Usage: 241 - 524
The arithmetic operator can overflow.
It is possible to cause an integer overflow or underflow in the arithmetic operation.  This issue is reported for internal compiler generated code.
--------------------
Initial State:

Account: [CREATOR], balance: 0x0, nonce:0, storage:{}
Account: [ATTACKER], balance: 0x0, nonce:0, storage:{}

Transaction Sequence:

Caller: [CREATOR], calldata: , decoded_data: , value: 0x0
Caller: [CREATOR], function: ACT_AMM_PAIR(), txdata: 0x08e560e1, value: 0x0

==== Integer Arithmetic Bugs ====
SWC ID: 101
Severity: Low
Contract: MIMHO
Function name: DEAD()
PC address: 6598
Estimated Gas Usage: 175 - 458
The arithmetic operator can overflow.
It is possible to cause an integer overflow or underflow in the arithmetic operation.  This issue is reported for internal compiler generated code.
--------------------
Initial State:

Account: [CREATOR], balance: 0x0, nonce:0, storage:{}
Account: [ATTACKER], balance: 0x0, nonce:0, storage:{}

Transaction Sequence:

Caller: [CREATOR], calldata: , decoded_data: , value: 0x0
Caller: [CREATOR], function: DEAD(), txdata: 0x03fd2a45, value: 0x0

==== Integer Arithmetic Bugs ====
SWC ID: 101
Severity: Low
Contract: MIMHO
Function name: ACT_PAUSE()
PC address: 6626
Estimated Gas Usage: 148 - 338
The arithmetic operator can overflow.
It is possible to cause an integer overflow or underflow in the arithmetic operation.  This issue is reported for internal compiler generated code.
--------------------
Initial State:

Account: [CREATOR], balance: 0x0, nonce:0, storage:{}
Account: [ATTACKER], balance: 0x0, nonce:0, storage:{}

Transaction Sequence:

Caller: [CREATOR], calldata: , decoded_data: , value: 0x0
Caller: [CREATOR], function: ACT_PAUSE(), txdata: 0x00a469c1, value: 0x0

==== Integer Arithmetic Bugs ====
SWC ID: 101
Severity: Low
Contract: MIMHO
Function name: SELL_FOUNDER_BP()
PC address: 6916
Estimated Gas Usage: 539 - 822
The arithmetic operator can overflow.
It is possible to cause an integer overflow or underflow in the arithmetic operation.  This issue is reported for internal compiler generated code.
--------------------
Initial State:

Account: [CREATOR], balance: 0x0, nonce:0, storage:{}
Account: [ATTACKER], balance: 0x0, nonce:0, storage:{}

Transaction Sequence:

Caller: [CREATOR], calldata: , decoded_data: , value: 0x0
Caller: [CREATOR], function: BUY_FOUNDER_BP(), txdata: 0x3902a830, value: 0x0


