'forge clean' running (wd: /mnt/c/Users/Tatiana/Documents/MIMHO_LABS)
'forge config --json' running
Warning: Found unknown `ignored_paths` config for profile `default` defined in foundry.toml.
'forge build --build-info src/v2/registry.sol' running (wd: /mnt/c/Users/Tatiana/Documents/MIMHO_LABS)
INFO:Detectors:
Detector: missing-zero-check
Ownable2Step.transferOwnership(address).newOwner (lib/openzeppelin-contracts/contracts/access/Ownable2Step.sol#35) lacks a zero-check on :
		- _pendingOwner = newOwner (lib/openzeppelin-contracts/contracts/access/Ownable2Step.sol#36)
Reference: https://github.com/crytic/slither/wiki/Detector-Documentation#missing-zero-address-validation
INFO:Detectors:
Detector: reentrancy-events
Reentrancy in MIMHORegistry.setDAO(address) (src/v2/registry.sol#218-226):
	External calls:
	- _setContractAddress(KEY_MIMHO_DAO,_dao) (src/v2/registry.sol#223-225)
		- IMIMHOEventsHub(hub).emitEvent(HUB_MODULE,action,msg.sender,value,data) (src/v2/registry.sol#164-165)
	Event emitted after the call(s):
	- DAOSet(_dao) (src/v2/registry.sol#225)
Reference: https://github.com/crytic/slither/wiki/Detector-Documentation#reentrancy-vulnerabilities-4
INFO:Detectors:
Detector: timestamp
MIMHORegistry.setPartnerService(address,bytes32,bool,uint64) (src/v2/registry.sol#276-296) uses timestamp for comparisons
	Dangerous comparisons:
	- require(bool,string)(validUntil > uint64(block.timestamp),EXP) (src/v2/registry.sol#285-287)
MIMHORegistry.isPartnerAuthorized(address,bytes32) (src/v2/registry.sol#296-302) uses timestamp for comparisons
	Dangerous comparisons:
	- p.allowed && p.validUntil != 0 && block.timestamp <= p.validUntil (src/v2/registry.sol#301-302)
Reference: https://github.com/crytic/slither/wiki/Detector-Documentation#block-timestamp
INFO:Detectors:
Detector: pragma
2 different versions of Solidity are used:
	- Version constraint ^0.8.0 is used by:
		-^0.8.0 (lib/openzeppelin-contracts/contracts/access/Ownable.sol#4)
		-^0.8.0 (lib/openzeppelin-contracts/contracts/access/Ownable2Step.sol#4)
		-^0.8.0 (lib/openzeppelin-contracts/contracts/utils/Context.sol#4)
	- Version constraint 0.8.28 is used by:
		-0.8.28 (src/v2/registry.sol#1-2)
Reference: https://github.com/crytic/slither/wiki/Detector-Documentation#different-pragma-directives-are-used
INFO:Detectors:
Detector: solc-version
Version constraint ^0.8.0 contains known severe issues (https://solidity.readthedocs.io/en/latest/bugs.html)
	- FullInlinerNonExpressionSplitArgumentEvaluationOrder
	- MissingSideEffectsOnSelectorAccess
	- AbiReencodingHeadOverflowWithStaticArrayCleanup
	- DirtyBytesArrayToStorage
	- DataLocationChangeInInternalOverride
	- NestedCalldataArrayAbiReencodingSizeValidation
	- SignedImmutables
	- ABIDecodeTwoDimensionalArrayMemory
	- KeccakCaching.
It is used by:
	- ^0.8.0 (lib/openzeppelin-contracts/contracts/access/Ownable.sol#4)
	- ^0.8.0 (lib/openzeppelin-contracts/contracts/access/Ownable2Step.sol#4)
	- ^0.8.0 (lib/openzeppelin-contracts/contracts/utils/Context.sol#4)
Reference: https://github.com/crytic/slither/wiki/Detector-Documentation#incorrect-versions-of-solidity
INFO:Detectors:
Detector: naming-convention
Parameter MIMHORegistry.setDAO(address)._dao (src/v2/registry.sol#218) is not in mixedCase
Reference: https://github.com/crytic/slither/wiki/Detector-Documentation#conformance-to-solidity-naming-conventions
INFO:Slither:src/v2/registry.sol analyzed (7 contracts with 101 detectors), 7 result(s) found
